==== 2026-07-01 14:57:47.407 ====
System.NotSupportedException: 'System.Windows.Controls.Image' is not a valid value for 'FrameworkElementFactory.SetValue'; values derived from Visual or ContentElement are not supported.
   at System.Windows.FrameworkElementFactory.SetValue(DependencyProperty dp, Object value)
   at CadToRevit.UI.Dockable.RoomListPaneProvider.BuildCardActionButtonFactory(String text, String commandPath) in D:\EMSDRevitPlugs\Solution\CadToRevit\CadToRevit\UI\Dockable\RoomListPaneProvider.cs:line 242
   at CadToRevit.UI.Dockable.RoomListPaneProvider.BuildCardTitleRowFactory() in D:\EMSDRevitPlugs\Solution\CadToRevit\CadToRevit\UI\Dockable\RoomListPaneProvider.cs:line 221
   at CadToRevit.UI.Dockable.RoomListPaneProvider.BuildItemTemplate() in D:\EMSDRevitPlugs\Solution\CadToRevit\CadToRevit\UI\Dockable\RoomListPaneProvider.cs:line 203
   at CadToRevit.UI.Dockable.RoomListPaneProvider.BuildView() in D:\EMSDRevitPlugs\Solution\CadToRevit\CadToRevit\UI\Dockable\RoomListPaneProvider.cs:line 79
   at CadToRevit.UI.Dockable.RoomListPaneProvider..ctor() in D:\EMSDRevitPlugs\Solution\CadToRevit\CadToRevit\UI\Dockable\RoomListPaneProvider.cs:line 27
   at CadToRevit.App.OnStartup(UIControlledApplication application) in D:\EMSDRevitPlugs\Solution\CadToRevit\CadToRevit\App.cs:line 69

==== 2026-07-01 14:59:03.054 ====
System.NotSupportedException: 'System.Windows.Controls.Image' is not a valid value for 'FrameworkElementFactory.SetValue'; values derived from Visual or ContentElement are not supported.
   at System.Windows.FrameworkElementFactory.SetValue(DependencyProperty dp, Object value)
   at CadToRevit.UI.Dockable.RoomListPaneProvider.BuildCardActionButtonFactory(String text, String commandPath) in D:\EMSDRevitPlugs\Solution\CadToRevit\CadToRevit\UI\Dockable\RoomListPaneProvider.cs:line 242
   at CadToRevit.UI.Dockable.RoomListPaneProvider.BuildCardTitleRowFactory() in D:\EMSDRevitPlugs\Solution\CadToRevit\CadToRevit\UI\Dockable\RoomListPaneProvider.cs:line 221
   at CadToRevit.UI.Dockable.RoomListPaneProvider.BuildItemTemplate() in D:\EMSDRevitPlugs\Solution\CadToRevit\CadToRevit\UI\Dockable\RoomListPaneProvider.cs:line 203
   at CadToRevit.UI.Dockable.RoomListPaneProvider.BuildView() in D:\EMSDRevitPlugs\Solution\CadToRevit\CadToRevit\UI\Dockable\RoomListPaneProvider.cs:line 79
   at CadToRevit.UI.Dockable.RoomListPaneProvider..ctor() in D:\EMSDRevitPlugs\Solution\CadToRevit\CadToRevit\UI\Dockable\RoomListPaneProvider.cs:line 27
   at CadToRevit.App.OnStartup(UIControlledApplication application) in D:\EMSDRevitPlugs\Solution\CadToRevit\CadToRevit\App.cs:line 69

==== 2026-07-23 16:59:58.189 ====
System.InvalidOperationException: Child with Name 'ButtonBorder' not found in VisualTree.
   at System.Windows.StyleHelper.UpdateTables(PropertyValue& propertyValue, FrugalStructList`1& childRecordFromChildIndex, FrugalStructList`1& triggerSourceRecordFromChildIndex, FrugalStructList`1& resourceDependents, HybridDictionary& dataTriggerRecordFromBinding, HybridDictionary childIndexFromChildName, Boolean& hasInstanceValues)
   at System.Windows.StyleHelper.ProcessTemplateTriggers(TriggerCollection triggers, FrameworkTemplate frameworkTemplate, FrugalStructList`1& childRecordFromChildIndex, FrugalStructList`1& triggerSourceRecordFromChildIndex, FrugalStructList`1& containerDependents, FrugalStructList`1& resourceDependents, ItemStructList`1& eventDependents, HybridDictionary& dataTriggerRecordFromBinding, HybridDictionary childIndexFromChildID, Boolean& hasInstanceValues, HybridDictionary& triggerActions, FrameworkElementFactory templateRoot, EventHandlersStore& eventHandlersStore, FrugalMap& propertyTriggersWithActions, HybridDictionary& dataTriggersWithActions, Boolean& hasLoadedChangeHandler)
   at System.Windows.StyleHelper.SealTemplate(FrameworkTemplate frameworkTemplate, Boolean& isSealed, FrameworkElementFactory templateRoot, TriggerCollection triggers, ResourceDictionary resources, HybridDictionary childIndexFromChildID, FrugalStructList`1& childRecordFromChildIndex, FrugalStructList`1& triggerSourceRecordFromChildIndex, FrugalStructList`1& containerDependents, FrugalStructList`1& resourceDependents, ItemStructList`1& eventDependents, HybridDictionary& triggerActions, HybridDictionary& dataTriggerRecordFromBinding, Boolean& hasInstanceValues, EventHandlersStore& eventHandlersStore)
   at System.Windows.FrameworkTemplate.Seal()
   at System.Windows.Controls.Control.OnTemplateChanged(DependencyObject d, DependencyPropertyChangedEventArgs e)
   at System.Windows.DependencyObject.OnPropertyChanged(DependencyPropertyChangedEventArgs e)
   at System.Windows.FrameworkElement.OnPropertyChanged(DependencyPropertyChangedEventArgs e)
   at System.Windows.DependencyObject.NotifyPropertyChange(DependencyPropertyChangedEventArgs args)
   at System.Windows.DependencyObject.UpdateEffectiveValue(EntryIndex entryIndex, DependencyProperty dp, PropertyMetadata metadata, EffectiveValueEntry oldEntry, EffectiveValueEntry& newEntry, Boolean coerceWithDeferredReference, Boolean coerceWithCurrentValue, OperationType operationType)
   at System.Windows.DependencyObject.SetValueCommon(DependencyProperty dp, Object value, PropertyMetadata metadata, Boolean coerceWithDeferredReference, Boolean coerceWithCurrentValue, OperationType operationType, Boolean isInternal)
   at System.Windows.DependencyObject.SetValue(DependencyProperty dp, Object value)
   at CadToRevit.UI.Dockable.DeliveryRoutePaneProvider.BuildFooterActionButton(String text, String commandPath, Boolean primary) in D:\EMSDRevitPlugs\Solution\CadToRevit\CadToRevit\UI\Dockable\DeliveryRoutePaneProvider.cs:line 1026
   at CadToRevit.UI.Dockable.DeliveryRoutePaneProvider.BuildFooter() in D:\EMSDRevitPlugs\Solution\CadToRevit\CadToRevit\UI\Dockable\DeliveryRoutePaneProvider.cs:line 512
   at CadToRevit.UI.Dockable.DeliveryRoutePaneProvider.BuildView() in D:\EMSDRevitPlugs\Solution\CadToRevit\CadToRevit\UI\Dockable\DeliveryRoutePaneProvider.cs:line 54
   at CadToRevit.UI.Dockable.DeliveryRoutePaneProvider..ctor() in D:\EMSDRevitPlugs\Solution\CadToRevit\CadToRevit\UI\Dockable\DeliveryRoutePaneProvider.cs:line 17
   at CadToRevit.App.OnStartup(UIControlledApplication application) in D:\EMSDRevitPlugs\Solution\CadToRevit\CadToRevit\App.cs:line 75

==== 2026-07-23 18:28:15.952 ====
Autodesk.Revit.Exceptions.ArgumentException: The name already exists:CadToRevit_ExportIfcForPath
Parameter name: newItemName
   at Autodesk.Revit.UI.RibbonPanel.verifyNameExclusive(String newItemName)
   at Autodesk.Revit.UI.RibbonPanel.AddItem(RibbonItemData itemData)
   at CadToRevit.App.AddButton(RibbonPanel panel, String buttonId, String textKey, String assemblyPath, String commandClass, String tooltipKey, String iconFileName) in D:\EMSDRevitPlugs\Solution\CadToRevit\CadToRevit\App.cs:line 345
   at CadToRevit.App.OnStartup(UIControlledApplication application) in D:\EMSDRevitPlugs\Solution\CadToRevit\CadToRevit\App.cs:line 90

