2026-08-06 10:19:11.772 [RoutePlannerAutoInit] HealthStatus=200 OK
2026-08-06 10:19:11.773 [RoutePlannerAutoInit] ExportIfc path=C:\Users\linqianya\AppData\Local\EMSD AI Tool\RoutePlannerCache\route_model_revit_3ba6b2ec3a16d21f_20260806021911.ifc
2026-08-06 10:19:11.882 [IfcExportViewPrep] HiddenRoom3DHelpers=8
2026-08-06 10:19:11.891 [IfcExportViewPrep] HiddenAhuEquipment=0
2026-08-06 10:19:11.904 [IfcExportDoorMode] DoorFamiliesPreserved=True, TemporaryOpenings=False
2026-08-06 10:19:11.910 [IfcExportDoorContext] DoorCount=26, HostedOnWall=25, HostedOnOther=1, DoorCategoryHiddenInExportView=False, ExportView=AI_Path_IFC_Export_20260806_101911
2026-08-06 10:19:15.266 [IfcExportEntityStats] Door=26, Opening=83, RelVoids=83, RelFills=65, Path=C:\Users\linqianya\AppData\Local\EMSD AI Tool\RoutePlannerCache\route_model_revit_3ba6b2ec3a16d21f_20260806021911.ifc
2026-08-06 10:19:15.274 [IfcExportAI] View=AI_Path_IFC_Export_20260806_101911, DoorMode=DoorFamiliesPreserved, IfcVersion=Revit exporter default, ExportPath=C:\Users\linqianya\AppData\Local\EMSD AI Tool\RoutePlannerCache\route_model_revit_3ba6b2ec3a16d21f_20260806021911.ifc, Success=True, IfcDoorCount=26, IfcOpeningCount=83, IfcRelVoidsCount=83, IfcRelFillsCount=65
2026-08-06 10:19:15.274 [RoutePlannerAutoInit] InitRequest={"ifc_file_path":"C:\\Users\\linqianya\\AppData\\Local\\EMSD AI Tool\\RoutePlannerCache\\route_model_revit_3ba6b2ec3a16d21f_20260806021911.ifc","session_id":"revit_3ba6b2ec3a16d21f_20260806021911"}
2026-08-06 10:19:16.899 [RoutePlannerAutoInit] InitStatus=200 OK
2026-08-06 10:19:16.899 [RoutePlannerAutoInit] InitResponse={"status":"failed","session_id":"revit_3ba6b2ec3a16d21f_20260806021911","wall_percentage":0.0,"grid_shape":[0,0],"ifc_file_used":"C:\\Users\\linqianya\\AppData\\Local\\EMSD AI Tool\\RoutePlannerCache\\route_model_revit_3ba6b2ec3a16d21f_20260806021911.ifc","message":"Failed to generate grid from IFC"}
2026-08-06 10:19:16.899 [RoutePlannerAutoInit] InitFailed response={"status":"failed","session_id":"revit_3ba6b2ec3a16d21f_20260806021911","wall_percentage":0.0,"grid_shape":[0,0],"ifc_file_used":"C:\\Users\\linqianya\\AppData\\Local\\EMSD AI Tool\\RoutePlannerCache\\route_model_revit_3ba6b2ec3a16d21f_20260806021911.ifc","message":"Failed to generate grid from IFC"}
2026-08-06 10:19:16.900 [AhuRoomFit] Auto init failed. Message=Route planner initialization failed.
Please check the Route API Console log for details.
2026-08-06 10:32:42.768 WARNING: DWG SourceUnit missing from session. Fallback to Millimeter.
2026-08-06 10:32:44.023 WARNING: DWG SourceUnit missing from session. Fallback to Millimeter.
2026-08-06 10:32:46.968 WARNING: DWG SourceUnit missing from session. Fallback to Millimeter.
2026-08-06 10:32:56.519 [Room3DVis] Room=Room Candidate 001, ResolvedLevel=-, ResolvedLevelElevation=0.0000, FloorFound=True, FloorTopZ=-0.0266, LoopAverageZ=0.2359, VisualizationZ=0.2359, VisualOffsetMm=80, VisualizationZSource=FloorTopZ+Offset, ElevationMismatchMm=80
2026-08-06 10:32:56.525 [Room3DVis] Room=Room Candidate 005, ResolvedLevel=-, ResolvedLevelElevation=0.0000, FloorFound=True, FloorTopZ=-0.0266, LoopAverageZ=0.2359, VisualizationZ=0.2359, VisualOffsetMm=80, VisualizationZSource=FloorTopZ+Offset, ElevationMismatchMm=80
2026-08-06 10:32:56.528 [Room3DVis] Room=Room Candidate 006, ResolvedLevel=-, ResolvedLevelElevation=0.0000, FloorFound=True, FloorTopZ=-0.0266, LoopAverageZ=0.2359, VisualizationZ=0.2359, VisualOffsetMm=80, VisualizationZSource=FloorTopZ+Offset, ElevationMismatchMm=80
2026-08-06 10:32:56.532 [Room3DVis] Room=Room Candidate 007, ResolvedLevel=-, ResolvedLevelElevation=0.0000, FloorFound=True, FloorTopZ=-0.0266, LoopAverageZ=0.2359, VisualizationZ=0.2359, VisualOffsetMm=80, VisualizationZSource=FloorTopZ+Offset, ElevationMismatchMm=80
2026-08-06 10:32:56.537 [Room3DVis] Room=Room Candidate 008, ResolvedLevel=-, ResolvedLevelElevation=0.0000, FloorFound=True, FloorTopZ=-0.0266, LoopAverageZ=0.2359, VisualizationZ=0.2359, VisualOffsetMm=80, VisualizationZSource=FloorTopZ+Offset, ElevationMismatchMm=80
2026-08-06 10:32:56.540 [Room3DVis] Room=Room Candidate 002, ResolvedLevel=-, ResolvedLevelElevation=0.0000, FloorFound=True, FloorTopZ=-0.0266, LoopAverageZ=0.2359, VisualizationZ=0.2359, VisualOffsetMm=80, VisualizationZSource=FloorTopZ+Offset, ElevationMismatchMm=80
2026-08-06 10:32:56.544 [Room3DVis] Room=Room Candidate 003, ResolvedLevel=-, ResolvedLevelElevation=0.0000, FloorFound=True, FloorTopZ=-0.0266, LoopAverageZ=0.2359, VisualizationZ=0.2359, VisualOffsetMm=80, VisualizationZSource=FloorTopZ+Offset, ElevationMismatchMm=80
2026-08-06 10:32:56.549 [Room3DVis] Room=Room Candidate 004, ResolvedLevel=-, ResolvedLevelElevation=0.0000, FloorFound=True, FloorTopZ=-0.0266, LoopAverageZ=0.2359, VisualizationZ=0.2359, VisualOffsetMm=80, VisualizationZSource=FloorTopZ+Offset, ElevationMismatchMm=80
2026-08-06 10:32:56.568 [Room3DVis] Highlight done, RoomKey=model_loop_1727210_cecd03adb187ea5b, Rooms=8, RegionCreated=8, MarkerCreated=0, TextCreated=0
